<html>
<body>
<pre>
<h1>µVision Build Log</h1>
<h2>Tool Versions:</h2>
IDE-Version: ¦ÌVision V5.41.0.0
Copyright (C) 2024 ARM Ltd and ARM Germany GmbH. All rights reserved.
License Information: 1 1, 1, LIC=HN0AE-5CYUI-EVM1R-K8AUX-ZMP3T-ZL930
 
Tool Versions:
Toolchain:       MDK-ARM Plus  Version: 5.41.0.0
Toolchain Path:  D:\Keil_v5\ARM\ARMCLANG\Bin
C Compiler:      ArmClang.exe V6.22
Assembler:       Armasm.exe V6.22
Linker/Locator:  ArmLink.exe V6.22
Library Manager: ArmAr.exe V6.22
Hex Converter:   FromElf.exe V6.22
CPU DLL:         SARMCM3.DLL V5.41.0.0
Dialog DLL:      DCM.DLL V1.17.5.0
Target DLL:      CMSIS_AGDI.dll V1.33.21.0
Dialog DLL:      TCM.DLL V1.56.4.0
 
<h2>Project:</h2>
F:\GD32\00_template\Project\GD32F407.uvprojx
Project File Date:  02/07/2025

<h2>Output:</h2>
*** Using Compiler 'V6.22', folder: 'D:\Keil_v5\ARM\ARMCLANG\Bin'
Rebuild target 'Target_1'
compiling systick.c...
compiling main.c...
compiling gd32f4xx_gpio.c...
compiling system_gd32f4xx.c...
compiling gd32f4xx_it.c...
compiling gd32f4xx_misc.c...
compiling gd32f4xx_rcu.c...
assembling startup_gd32f407_427.s...
linking...
Program Size: Code=936 RO-data=424 RW-data=4 ZI-data=1036  
FromELF: creating hex file...
".\Objects\GD32F407.axf" - 0 Error(s), 0 Warning(s).

<h2>Software Packages used:</h2>

Package Vendor: GigaDevice
                https://gd32mcu.com/data/documents/pack/GigaDevice.GD32F4xx_DFP.3.2.0.pack
                GigaDevice::GD32F4xx_DFP@3.2.0
                GigaDevice GD32F4xx Series Device Support and Examples

<h2>Collection of Component include folders:</h2>
  D:/Keil_v5/ARM/PACK/GigaDevice/GD32F4xx_DFP/3.2.0/Device/F4XX/Include

<h2>Collection of Component Files used:</h2>
Build Time Elapsed:  00:00:02
</pre>
</body>
</html>
